// Jest Snapshot v1, https://goo.gl/fbAQLP

exports[`PlanetCards Component renders correctly (detailed) 1`] = `
<div
  class="planet-cards"
>
  <div
    class="planet-card"
  >
    <div
      class="planet-card-era-visualizer"
    >
      <div
        class="planet-card-era-visualizer-segment planet-card-era-visualizer-segment--prequel"
      />
    </div>
    <h3
      class="planet-card-heading"
    >
      Abafar
    </h3>
    <div
      class="planet-card-appearances"
    >
      <h4
        class="planet-card-appearances-heading"
      >
        TV
      </h4>
      <ul
        class="planet-card-appearances-list"
      >
        <li
          class="planet-card-appearances-list-item planet-card-appearances-list-item--prequel"
        >
          Star Wars: The Clone Wars (2008)
        </li>
      </ul>
    </div>
  </div>
  <div
    class="planet-card"
  >
    <div
      class="planet-card-era-visualizer"
    >
      <div
        class="planet-card-era-visualizer-segment planet-card-era-visualizer-segment--sequel"
      />
    </div>
    <h3
      class="planet-card-heading"
    >
      Aeos Prime
    </h3>
    <div
      class="planet-card-appearances"
    >
      <h4
        class="planet-card-appearances-heading"
      >
        TV
      </h4>
      <ul
        class="planet-card-appearances-list"
      >
        <li
          class="planet-card-appearances-list-item planet-card-appearances-list-item--sequel"
        >
          Star Wars Resistance
        </li>
      </ul>
    </div>
  </div>
  <div
    class="planet-card"
  >
    <div
      class="planet-card-era-visualizer"
    >
      <div
        class="planet-card-era-visualizer-segment planet-card-era-visualizer-segment--original"
      />
    </div>
    <h3
      class="planet-card-heading"
    >
      Agamar
    </h3>
    <div
      class="planet-card-appearances"
    >
      <h4
        class="planet-card-appearances-heading"
      >
        TV
      </h4>
      <ul
        class="planet-card-appearances-list"
      >
        <li
          class="planet-card-appearances-list-item planet-card-appearances-list-item--original"
        >
          Star Wars Rebels
        </li>
      </ul>
    </div>
  </div>
  <div
    class="planet-card"
  >
    <div
      class="planet-card-era-visualizer"
    >
      <div
        class="planet-card-era-visualizer-segment planet-card-era-visualizer-segment--sequel"
      />
      <div
        class="planet-card-era-visualizer-segment planet-card-era-visualizer-segment--sequel"
      />
      <div
        class="planet-card-era-visualizer-segment planet-card-era-visualizer-segment--sequel"
      />
    </div>
    <h3
      class="planet-card-heading"
    >
      Ahch-To
    </h3>
    <div
      class="planet-card-appearances"
    >
      <h4
        class="planet-card-appearances-heading"
      >
        Film
      </h4>
      <ul
        class="planet-card-appearances-list"
      >
        <li
          class="planet-card-appearances-list-item planet-card-appearances-list-item--sequel"
        >
          Episode VII - The Force Awakens
        </li>
        <li
          class="planet-card-appearances-list-item planet-card-appearances-list-item--sequel"
        >
          Episode VIII - The Last Jedi
        </li>
        <li
          class="planet-card-appearances-list-item planet-card-appearances-list-item--sequel"
        >
          Episode IX - The Rise of Skywalker
        </li>
      </ul>
    </div>
  </div>
  <div
    class="planet-card"
  >
    <div
      class="planet-card-era-visualizer"
    >
      <div
        class="planet-card-era-visualizer-segment planet-card-era-visualizer-segment--sequel"
      />
    </div>
    <h3
      class="planet-card-heading"
    >
      Ajan Kloss
    </h3>
    <div
      class="planet-card-appearances"
    >
      <h4
        class="planet-card-appearances-heading"
      >
        Film
      </h4>
      <ul
        class="planet-card-appearances-list"
      >
        <li
          class="planet-card-appearances-list-item planet-card-appearances-list-item--sequel"
        >
          Episode IX - The Rise of Skywalker
        </li>
      </ul>
    </div>
  </div>
  <div
    class="planet-card"
  >
    <div
      class="planet-card-era-visualizer"
    >
      <div
        class="planet-card-era-visualizer-segment planet-card-era-visualizer-segment--prequel"
      />
      <div
        class="planet-card-era-visualizer-segment planet-card-era-visualizer-segment--original"
      />
    </div>
    <h3
      class="planet-card-heading"
    >
      Alderaan
    </h3>
    <div
      class="planet-card-appearances"
    >
      <h4
        class="planet-card-appearances-heading"
      >
        Film
      </h4>
      <ul
        class="planet-card-appearances-list"
      >
        <li
          class="planet-card-appearances-list-item planet-card-appearances-list-item--prequel"
        >
          Episode III - Revenge of the Sith
        </li>
        <li
          class="planet-card-appearances-list-item planet-card-appearances-list-item--original"
        >
          Episode IV - A New Hope
        </li>
      </ul>
    </div>
  </div>
  <div
    class="planet-card"
  >
    <div
      class="planet-card-era-visualizer"
    >
      <div
        class="planet-card-era-visualizer-segment planet-card-era-visualizer-segment--sequel"
      />
    </div>
    <h3
      class="planet-card-heading"
    >
      Arvala-7
    </h3>
    <div
      class="planet-card-appearances"
    >
      <h4
        class="planet-card-appearances-heading"
      >
        TV
      </h4>
      <ul
        class="planet-card-appearances-list"
      >
        <li
          class="planet-card-appearances-list-item planet-card-appearances-list-item--sequel"
        >
          The Mandalorian
        </li>
      </ul>
    </div>
  </div>
  <div
    class="planet-card"
  >
    <div
      class="planet-card-era-visualizer"
    >
      <div
        class="planet-card-era-visualizer-segment planet-card-era-visualizer-segment--original"
      />
    </div>
    <h3
      class="planet-card-heading"
    >
      Atollon
    </h3>
    <div
      class="planet-card-appearances"
    >
      <h4
        class="planet-card-appearances-heading"
      >
        TV
      </h4>
      <ul
        class="planet-card-appearances-list"
      >
        <li
          class="planet-card-appearances-list-item planet-card-appearances-list-item--original"
        >
          Star Wars Rebels
        </li>
      </ul>
    </div>
  </div>
  <div
    class="planet-card"
  >
    <div
      class="planet-card-era-visualizer"
    >
      <div
        class="planet-card-era-visualizer-segment planet-card-era-visualizer-segment--original"
      />
    </div>
    <h3
      class="planet-card-heading"
    >
      Bespin
    </h3>
    <div
      class="planet-card-appearances"
    >
      <h4
        class="planet-card-appearances-heading"
      >
        Film
      </h4>
      <ul
        class="planet-card-appearances-list"
      >
        <li
          class="planet-card-appearances-list-item planet-card-appearances-list-item--original"
        >
          Episode V - The Empire Strikes Back
        </li>
      </ul>
    </div>
  </div>
  <div
    class="planet-card"
  >
    <div
      class="planet-card-era-visualizer"
    >
      <div
        class="planet-card-era-visualizer-segment planet-card-era-visualizer-segment--sequel"
      />
    </div>
    <h3
      class="planet-card-heading"
    >
      Cantonica
    </h3>
    <div
      class="planet-card-appearances"
    >
      <h4
        class="planet-card-appearances-heading"
      >
        Film
      </h4>
      <ul
        class="planet-card-appearances-list"
      >
        <li
          class="planet-card-appearances-list-item planet-card-appearances-list-item--sequel"
        >
          Episode VIII - The Last Jedi
        </li>
      </ul>
    </div>
  </div>
  <div
    class="planet-card"
  >
    <div
      class="planet-card-era-visualizer"
    >
      <div
        class="planet-card-era-visualizer-segment planet-card-era-visualizer-segment--sequel"
      />
    </div>
    <h3
      class="planet-card-heading"
    >
      Castilon
    </h3>
    <div
      class="planet-card-appearances"
    >
      <h4
        class="planet-card-appearances-heading"
      >
        TV
      </h4>
      <ul
        class="planet-card-appearances-list"
      >
        <li
          class="planet-card-appearances-list-item planet-card-appearances-list-item--sequel"
        >
          Star Wars Resistance
        </li>
      </ul>
    </div>
  </div>
  <div
    class="planet-card"
  >
    <div
      class="planet-card-era-visualizer"
    >
      <div
        class="planet-card-era-visualizer-segment planet-card-era-visualizer-segment--prequel"
      />
    </div>
    <h3
      class="planet-card-heading"
    >
      Cato Neimoidia
    </h3>
    <div
      class="planet-card-appearances"
    >
      <h4
        class="planet-card-appearances-heading"
      >
        Film
      </h4>
      <ul
        class="planet-card-appearances-list"
      >
        <li
          class="planet-card-appearances-list-item planet-card-appearances-list-item--prequel"
        >
          Episode III - Revenge of the Sith
        </li>
      </ul>
    </div>
  </div>
  <div
    class="planet-card"
  >
    <div
      class="planet-card-era-visualizer"
    >
      <div
        class="planet-card-era-visualizer-segment planet-card-era-visualizer-segment--sequel"
      />
    </div>
    <h3
      class="planet-card-heading"
    >
      Celsor 3
    </h3>
    <div
      class="planet-card-appearances"
    >
      <h4
        class="planet-card-appearances-heading"
      >
        TV
      </h4>
      <ul
        class="planet-card-appearances-list"
      >
        <li
          class="planet-card-appearances-list-item planet-card-appearances-list-item--sequel"
        >
          Star Wars Resistance
        </li>
      </ul>
    </div>
  </div>
  <div
    class="planet-card"
  >
    <div
      class="planet-card-era-visualizer"
    >
      <div
        class="planet-card-era-visualizer-segment planet-card-era-visualizer-segment--prequel"
      />
    </div>
    <h3
      class="planet-card-heading"
    >
      Christophsis
    </h3>
    <div
      class="planet-card-appearances"
    >
      <h4
        class="planet-card-appearances-heading"
      >
        Film
      </h4>
      <ul
        class="planet-card-appearances-list"
      >
        <li
          class="planet-card-appearances-list-item planet-card-appearances-list-item--prequel"
        >
          Star Wars: The Clone Wars
        </li>
      </ul>
    </div>
  </div>
  <div
    class="planet-card"
  >
    <div
      class="planet-card-era-visualizer"
    >
      <div
        class="planet-card-era-visualizer-segment planet-card-era-visualizer-segment--original"
      />
    </div>
    <h3
      class="planet-card-heading"
    >
      Concord Dawn
    </h3>
    <div
      class="planet-card-appearances"
    >
      <h4
        class="planet-card-appearances-heading"
      >
        TV
      </h4>
      <ul
        class="planet-card-appearances-list"
      >
        <li
          class="planet-card-appearances-list-item planet-card-appearances-list-item--original"
        >
          Star Wars Rebels
        </li>
      </ul>
    </div>
  </div>
  <div
    class="planet-card"
  >
    <div
      class="planet-card-era-visualizer"
    >
      <div
        class="planet-card-era-visualizer-segment planet-card-era-visualizer-segment--original"
      />
    </div>
    <h3
      class="planet-card-heading"
    >
      Corellia
    </h3>
    <div
      class="planet-card-appearances"
    >
      <h4
        class="planet-card-appearances-heading"
      >
        Film
      </h4>
      <ul
        class="planet-card-appearances-list"
      >
        <li
          class="planet-card-appearances-list-item planet-card-appearances-list-item--original"
        >
          Solo: A Star Wars Story
        </li>
      </ul>
    </div>
  </div>
  <div
    class="planet-card"
  >
    <div
      class="planet-card-era-visualizer"
    >
      <div
        class="planet-card-era-visualizer-segment planet-card-era-visualizer-segment--prequel"
      />
      <div
        class="planet-card-era-visualizer-segment planet-card-era-visualizer-segment--prequel"
      />
      <div
        class="planet-card-era-visualizer-segment planet-card-era-visualizer-segment--prequel"
      />
      <div
        class="planet-card-era-visualizer-segment planet-card-era-visualizer-segment--prequel"
      />
      <div
        class="planet-card-era-visualizer-segment planet-card-era-visualizer-segment--prequel"
      />
      <div
        class="planet-card-era-visualizer-segment planet-card-era-visualizer-segment--prequel"
      />
    </div>
    <h3
      class="planet-card-heading"
    >
      Coruscant
    </h3>
    <div
      class="planet-card-appearances"
    >
      <h4
        class="planet-card-appearances-heading"
      >
        Film
      </h4>
      <ul
        class="planet-card-appearances-list"
      >
        <li
          class="planet-card-appearances-list-item planet-card-appearances-list-item--prequel"
        >
          Episode I - The Phantom Menace
        </li>
        <li
          class="planet-card-appearances-list-item planet-card-appearances-list-item--prequel"
        >
          Episode II - Attack of the Clones
        </li>
        <li
          class="planet-card-appearances-list-item planet-card-appearances-list-item--prequel"
        >
          Episode III - Revenge of the Sith
        </li>
        <li
          class="planet-card-appearances-list-item planet-card-appearances-list-item--prequel"
        >
          Star Wars: The Clone Wars
        </li>
      </ul>
      <h4
        class="planet-card-appearances-heading"
      >
        TV
      </h4>
      <ul
        class="planet-card-appearances-list"
      >
        <li
          class="planet-card-appearances-list-item planet-card-appearances-list-item--prequel"
        >
          Star Wars: Clone Wars (2003)
        </li>
        <li
          class="planet-card-appearances-list-item planet-card-appearances-list-item--prequel"
        >
          Star Wars: The Clone Wars (2008)
        </li>
      </ul>
    </div>
  </div>
  <div
    class="planet-card"
  >
    <div
      class="planet-card-era-visualizer"
    >
      <div
        class="planet-card-era-visualizer-segment planet-card-era-visualizer-segment--sequel"
      />
    </div>
    <h3
      class="planet-card-heading"
    >
      Crait
    </h3>
    <div
      class="planet-card-appearances"
    >
      <h4
        class="planet-card-appearances-heading"
      >
        Film
      </h4>
      <ul
        class="planet-card-appearances-list"
      >
        <li
          class="planet-card-appearances-list-item planet-card-appearances-list-item--sequel"
        >
          Episode VIII - The Last Jedi
        </li>
      </ul>
    </div>
  </div>
  <div
    class="planet-card"
  >
    <div
      class="planet-card-era-visualizer"
    >
      <div
        class="planet-card-era-visualizer-segment planet-card-era-visualizer-segment--sequel"
      />
      <div
        class="planet-card-era-visualizer-segment planet-card-era-visualizer-segment--sequel"
      />
    </div>
    <h3
      class="planet-card-heading"
    >
      D'Qar
    </h3>
    <div
      class="planet-card-appearances"
    >
      <h4
        class="planet-card-appearances-heading"
      >
        Film
      </h4>
      <ul
        class="planet-card-appearances-list"
      >
        <li
          class="planet-card-appearances-list-item planet-card-appearances-list-item--sequel"
        >
          Episode VII - The Force Awakens
        </li>
        <li
          class="planet-card-appearances-list-item planet-card-appearances-list-item--sequel"
        >
          Episode VIII - The Last Jedi
        </li>
      </ul>
    </div>
  </div>
  <div
    class="planet-card"
  >
    <div
      class="planet-card-era-visualizer"
    >
      <div
        class="planet-card-era-visualizer-segment planet-card-era-visualizer-segment--prequel"
      />
    </div>
    <h3
      class="planet-card-heading"
    >
      Dantooine
    </h3>
    <div
      class="planet-card-appearances"
    >
      <h4
        class="planet-card-appearances-heading"
      >
        TV
      </h4>
      <ul
        class="planet-card-appearances-list"
      >
        <li
          class="planet-card-appearances-list-item planet-card-appearances-list-item--prequel"
        >
          Star Wars: Clone Wars (2003)
        </li>
      </ul>
    </div>
  </div>
  <div
    class="planet-card"
  >
    <div
      class="planet-card-era-visualizer"
    >
      <div
        class="planet-card-era-visualizer-segment planet-card-era-visualizer-segment--prequel"
      />
      <div
        class="planet-card-era-visualizer-segment planet-card-era-visualizer-segment--original"
      />
      <div
        class="planet-card-era-visualizer-segment planet-card-era-visualizer-segment--original"
      />
    </div>
    <h3
      class="planet-card-heading"
    >
      Dagobah
    </h3>
    <div
      class="planet-card-appearances"
    >
      <h4
        class="planet-card-appearances-heading"
      >
        Film
      </h4>
      <ul
        class="planet-card-appearances-list"
      >
        <li
          class="planet-card-appearances-list-item planet-card-appearances-list-item--original"
        >
          Episode V - The Empire Strikes Back
        </li>
        <li
          class="planet-card-appearances-list-item planet-card-appearances-list-item--original"
        >
          Episode VI - Return of the Jedi
        </li>
      </ul>
      <h4
        class="planet-card-appearances-heading"
      >
        TV
      </h4>
      <ul
        class="planet-card-appearances-list"
      >
        <li
          class="planet-card-appearances-list-item planet-card-appearances-list-item--prequel"
        >
          Star Wars: Clone Wars (2003)
        </li>
      </ul>
    </div>
  </div>
  <div
    class="planet-card"
  >
    <div
      class="planet-card-era-visualizer"
    >
      <div
        class="planet-card-era-visualizer-segment planet-card-era-visualizer-segment--prequel"
      />
    </div>
    <h3
      class="planet-card-heading"
    >
      Dathomir
    </h3>
    <div
      class="planet-card-appearances"
    >
      <h4
        class="planet-card-appearances-heading"
      >
        TV
      </h4>
      <ul
        class="planet-card-appearances-list"
      >
        <li
          class="planet-card-appearances-list-item planet-card-appearances-list-item--prequel"
        >
          Star Wars: The Clone Wars (2008)
        </li>
      </ul>
    </div>
  </div>
  <div
    class="planet-card"
  >
    <div
      class="planet-card-era-visualizer"
    >
      <div
        class="planet-card-era-visualizer-segment planet-card-era-visualizer-segment--prequel"
      />
    </div>
    <h3
      class="planet-card-heading"
    >
      Devaron
    </h3>
    <div
      class="planet-card-appearances"
    >
      <h4
        class="planet-card-appearances-heading"
      >
        TV
      </h4>
      <ul
        class="planet-card-appearances-list"
      >
        <li
          class="planet-card-appearances-list-item planet-card-appearances-list-item--prequel"
        >
          Star Wars: The Clone Wars (2008)
        </li>
      </ul>
    </div>
  </div>
  <div
    class="planet-card"
  >
    <div
      class="planet-card-era-visualizer"
    >
      <div
        class="planet-card-era-visualizer-segment planet-card-era-visualizer-segment--original"
      />
    </div>
    <h3
      class="planet-card-heading"
    >
      Eadu
    </h3>
    <div
      class="planet-card-appearances"
    >
      <h4
        class="planet-card-appearances-heading"
      >
        Film
      </h4>
      <ul
        class="planet-card-appearances-list"
      >
        <li
          class="planet-card-appearances-list-item planet-card-appearances-list-item--original"
        >
          Rogue One: A Star Wars Story
        </li>
      </ul>
    </div>
  </div>
  <div
    class="planet-card"
  >
    <div
      class="planet-card-era-visualizer"
    >
      <div
        class="planet-card-era-visualizer-segment planet-card-era-visualizer-segment--original"
      />
      <div
        class="planet-card-era-visualizer-segment planet-card-era-visualizer-segment--sequel"
      />
    </div>
    <h3
      class="planet-card-heading"
    >
      Endor
    </h3>
    <div
      class="planet-card-appearances"
    >
      <h4
        class="planet-card-appearances-heading"
      >
        Film
      </h4>
      <ul
        class="planet-card-appearances-list"
      >
        <li
          class="planet-card-appearances-list-item planet-card-appearances-list-item--original"
        >
          Episode VI - Return of the Jedi
        </li>
        <li
          class="planet-card-appearances-list-item planet-card-appearances-list-item--sequel"
        >
          Episode IX - The Rise of Skywalker
        </li>
      </ul>
    </div>
  </div>
  <div
    class="planet-card"
  >
    <div
      class="planet-card-era-visualizer"
    >
      <div
        class="planet-card-era-visualizer-segment planet-card-era-visualizer-segment--sequel"
      />
    </div>
    <h3
      class="planet-card-heading"
    >
      Exegol
    </h3>
    <div
      class="planet-card-appearances"
    >
      <h4
        class="planet-card-appearances-heading"
      >
        Film
      </h4>
      <ul
        class="planet-card-appearances-list"
      >
        <li
          class="planet-card-appearances-list-item planet-card-appearances-list-item--sequel"
        >
          Episode IX - The Rise of Skywalker
        </li>
      </ul>
    </div>
  </div>
  <div
    class="planet-card"
  >
    <div
      class="planet-card-era-visualizer"
    >
      <div
        class="planet-card-era-visualizer-segment planet-card-era-visualizer-segment--prequel"
      />
      <div
        class="planet-card-era-visualizer-segment planet-card-era-visualizer-segment--prequel"
      />
    </div>
    <h3
      class="planet-card-heading"
    >
      Felucia
    </h3>
    <div
      class="planet-card-appearances"
    >
      <h4
        class="planet-card-appearances-heading"
      >
        Film
      </h4>
      <ul
        class="planet-card-appearances-list"
      >
        <li
          class="planet-card-appearances-list-item planet-card-appearances-list-item--prequel"
        >
          Episode III - Revenge of the Sith
        </li>
      </ul>
      <h4
        class="planet-card-appearances-heading"
      >
        TV
      </h4>
      <ul
        class="planet-card-appearances-list"
      >
        <li
          class="planet-card-appearances-list-item planet-card-appearances-list-item--prequel"
        >
          Star Wars: The Clone Wars (2008)
        </li>
      </ul>
    </div>
  </div>
  <div
    class="planet-card"
  >
    <div
      class="planet-card-era-visualizer"
    >
      <div
        class="planet-card-era-visualizer-segment planet-card-era-visualizer-segment--prequel"
      />
    </div>
    <h3
      class="planet-card-heading"
    >
      Florrum
    </h3>
    <div
      class="planet-card-appearances"
    >
      <h4
        class="planet-card-appearances-heading"
      >
        TV
      </h4>
      <ul
        class="planet-card-appearances-list"
      >
        <li
          class="planet-card-appearances-list-item planet-card-appearances-list-item--prequel"
        >
          Star Wars: The Clone Wars (2008)
        </li>
      </ul>
    </div>
  </div>
  <div
    class="planet-card"
  >
    <div
      class="planet-card-era-visualizer"
    >
      <div
        class="planet-card-era-visualizer-segment planet-card-era-visualizer-segment--prequel"
      />
      <div
        class="planet-card-era-visualizer-segment planet-card-era-visualizer-segment--prequel"
      />
      <div
        class="planet-card-era-visualizer-segment planet-card-era-visualizer-segment--original"
      />
    </div>
    <h3
      class="planet-card-heading"
    >
      Geonosis
    </h3>
    <div
      class="planet-card-appearances"
    >
      <h4
        class="planet-card-appearances-heading"
      >
        Film
      </h4>
      <ul
        class="planet-card-appearances-list"
      >
        <li
          class="planet-card-appearances-list-item planet-card-appearances-list-item--prequel"
        >
          Episode II - Attack of the Clones
        </li>
      </ul>
      <h4
        class="planet-card-appearances-heading"
      >
        TV
      </h4>
      <ul
        class="planet-card-appearances-list"
      >
        <li
          class="planet-card-appearances-list-item planet-card-appearances-list-item--prequel"
        >
          Star Wars: The Clone Wars (2008)
        </li>
        <li
          class="planet-card-appearances-list-item planet-card-appearances-list-item--original"
        >
          Star Wars Rebels
        </li>
      </ul>
    </div>
  </div>
  <div
    class="planet-card"
  >
    <div
      class="planet-card-era-visualizer"
    >
      <div
        class="planet-card-era-visualizer-segment planet-card-era-visualizer-segment--sequel"
      />
      <div
        class="planet-card-era-visualizer-segment planet-card-era-visualizer-segment--sequel"
      />
    </div>
    <h3
      class="planet-card-heading"
    >
      Hosnian Prime
    </h3>
    <div
      class="planet-card-appearances"
    >
      <h4
        class="planet-card-appearances-heading"
      >
        Film
      </h4>
      <ul
        class="planet-card-appearances-list"
      >
        <li
          class="planet-card-appearances-list-item planet-card-appearances-list-item--sequel"
        >
          Episode VII - The Force Awakens
        </li>
      </ul>
      <h4
        class="planet-card-appearances-heading"
      >
        TV
      </h4>
      <ul
        class="planet-card-appearances-list"
      >
        <li
          class="planet-card-appearances-list-item planet-card-appearances-list-item--sequel"
        >
          Star Wars Resistance
        </li>
      </ul>
    </div>
  </div>
  <div
    class="planet-card"
  >
    <div
      class="planet-card-era-visualizer"
    >
      <div
        class="planet-card-era-visualizer-segment planet-card-era-visualizer-segment--original"
      />
    </div>
    <h3
      class="planet-card-heading"
    >
      Hoth
    </h3>
    <div
      class="planet-card-appearances"
    >
      <h4
        class="planet-card-appearances-heading"
      >
        Film
      </h4>
      <ul
        class="planet-card-appearances-list"
      >
        <li
          class="planet-card-appearances-list-item planet-card-appearances-list-item--original"
        >
          Episode V - The Empire Strikes Back
        </li>
      </ul>
    </div>
  </div>
  <div
    class="planet-card"
  >
    <div
      class="planet-card-era-visualizer"
    >
      <div
        class="planet-card-era-visualizer-segment planet-card-era-visualizer-segment--prequel"
      />
    </div>
    <h3
      class="planet-card-heading"
    >
      Hypori
    </h3>
    <div
      class="planet-card-appearances"
    >
      <h4
        class="planet-card-appearances-heading"
      >
        TV
      </h4>
      <ul
        class="planet-card-appearances-list"
      >
        <li
          class="planet-card-appearances-list-item planet-card-appearances-list-item--prequel"
        >
          Star Wars: Clone Wars (2003)
        </li>
      </ul>
    </div>
  </div>
  <div
    class="planet-card"
  >
    <div
      class="planet-card-era-visualizer"
    >
      <div
        class="planet-card-era-visualizer-segment planet-card-era-visualizer-segment--prequel"
      />
    </div>
    <h3
      class="planet-card-heading"
    >
      Iego
    </h3>
    <div
      class="planet-card-appearances"
    >
      <h4
        class="planet-card-appearances-heading"
      >
        TV
      </h4>
      <ul
        class="planet-card-appearances-list"
      >
        <li
          class="planet-card-appearances-list-item planet-card-appearances-list-item--prequel"
        >
          Star Wars: The Clone Wars (2008)
        </li>
      </ul>
    </div>
  </div>
  <div
    class="planet-card"
  >
    <div
      class="planet-card-era-visualizer"
    >
      <div
        class="planet-card-era-visualizer-segment planet-card-era-visualizer-segment--prequel"
      />
      <div
        class="planet-card-era-visualizer-segment planet-card-era-visualizer-segment--prequel"
      />
      <div
        class="planet-card-era-visualizer-segment planet-card-era-visualizer-segment--sequel"
      />
    </div>
    <h3
      class="planet-card-heading"
    >
      Ilum
    </h3>
    <div
      class="planet-card-appearances"
    >
      <h4
        class="planet-card-appearances-heading"
      >
        Film
      </h4>
      <ul
        class="planet-card-appearances-list"
      >
        <li
          class="planet-card-appearances-list-item planet-card-appearances-list-item--sequel"
        >
          Episode VII - The Force Awakens
        </li>
      </ul>
      <h4
        class="planet-card-appearances-heading"
      >
        TV
      </h4>
      <ul
        class="planet-card-appearances-list"
      >
        <li
          class="planet-card-appearances-list-item planet-card-appearances-list-item--prequel"
        >
          Star Wars: Clone Wars (2003)
        </li>
        <li
          class="planet-card-appearances-list-item planet-card-appearances-list-item--prequel"
        >
          Star Wars: The Clone Wars (2008)
        </li>
      </ul>
    </div>
  </div>
  <div
    class="planet-card"
  >
    <div
      class="planet-card-era-visualizer"
    >
      <div
        class="planet-card-era-visualizer-segment planet-card-era-visualizer-segment--sequel"
      />
      <div
        class="planet-card-era-visualizer-segment planet-card-era-visualizer-segment--sequel"
      />
    </div>
    <h3
      class="planet-card-heading"
    >
      Jakku
    </h3>
    <div
      class="planet-card-appearances"
    >
      <h4
        class="planet-card-appearances-heading"
      >
        Film
      </h4>
      <ul
        class="planet-card-appearances-list"
      >
        <li
          class="planet-card-appearances-list-item planet-card-appearances-list-item--sequel"
        >
          Episode VII - The Force Awakens
        </li>
        <li
          class="planet-card-appearances-list-item planet-card-appearances-list-item--sequel"
        >
          Episode IX - The Rise of Skywalker
        </li>
      </ul>
    </div>
  </div>
  <div
    class="planet-card"
  >
    <div
      class="planet-card-era-visualizer"
    >
      <div
        class="planet-card-era-visualizer-segment planet-card-era-visualizer-segment--original"
      />
    </div>
    <h3
      class="planet-card-heading"
    >
      Jedha
    </h3>
    <div
      class="planet-card-appearances"
    >
      <h4
        class="planet-card-appearances-heading"
      >
        Film
      </h4>
      <ul
        class="planet-card-appearances-list"
      >
        <li
          class="planet-card-appearances-list-item planet-card-appearances-list-item--original"
        >
          Rogue One: A Star Wars Story
        </li>
      </ul>
    </div>
  </div>
  <div
    class="planet-card"
  >
    <div
      class="planet-card-era-visualizer"
    >
      <div
        class="planet-card-era-visualizer-segment planet-card-era-visualizer-segment--prequel"
      />
      <div
        class="planet-card-era-visualizer-segment planet-card-era-visualizer-segment--prequel"
      />
    </div>
    <h3
      class="planet-card-heading"
    >
      Kamino
    </h3>
    <div
      class="planet-card-appearances"
    >
      <h4
        class="planet-card-appearances-heading"
      >
        Film
      </h4>
      <ul
        class="planet-card-appearances-list"
      >
        <li
          class="planet-card-appearances-list-item planet-card-appearances-list-item--prequel"
        >
          Episode II - Attack of the Clones
        </li>
      </ul>
      <h4
        class="planet-card-appearances-heading"
      >
        TV
      </h4>
      <ul
        class="planet-card-appearances-list"
      >
        <li
          class="planet-card-appearances-list-item planet-card-appearances-list-item--prequel"
        >
          Star Wars: The Clone Wars (2008)
        </li>
      </ul>
    </div>
  </div>
  <div
    class="planet-card"
  >
    <div
      class="planet-card-era-visualizer"
    >
      <div
        class="planet-card-era-visualizer-segment planet-card-era-visualizer-segment--prequel"
      />
      <div
        class="planet-card-era-visualizer-segment planet-card-era-visualizer-segment--prequel"
      />
    </div>
    <h3
      class="planet-card-heading"
    >
      Kashyyyk
    </h3>
    <div
      class="planet-card-appearances"
    >
      <h4
        class="planet-card-appearances-heading"
      >
        Film
      </h4>
      <ul
        class="planet-card-appearances-list"
      >
        <li
          class="planet-card-appearances-list-item planet-card-appearances-list-item--prequel"
        >
          Episode III - Revenge of the Sith
        </li>
      </ul>
      <h4
        class="planet-card-appearances-heading"
      >
        TV
      </h4>
      <ul
        class="planet-card-appearances-list"
      >
        <li
          class="planet-card-appearances-list-item planet-card-appearances-list-item--prequel"
        >
          Star Wars: Clone Wars (2003)
        </li>
      </ul>
    </div>
  </div>
  <div
    class="planet-card"
  >
    <div
      class="planet-card-era-visualizer"
    >
      <div
        class="planet-card-era-visualizer-segment planet-card-era-visualizer-segment--sequel"
      />
    </div>
    <h3
      class="planet-card-heading"
    >
      Kef Bir
    </h3>
    <div
      class="planet-card-appearances"
    >
      <h4
        class="planet-card-appearances-heading"
      >
        Film
      </h4>
      <ul
        class="planet-card-appearances-list"
      >
        <li
          class="planet-card-appearances-list-item planet-card-appearances-list-item--sequel"
        >
          Episode IX - The Rise of Skywalker
        </li>
      </ul>
    </div>
  </div>
  <div
    class="planet-card"
  >
    <div
      class="planet-card-era-visualizer"
    >
      <div
        class="planet-card-era-visualizer-segment planet-card-era-visualizer-segment--original"
      />
      <div
        class="planet-card-era-visualizer-segment planet-card-era-visualizer-segment--original"
      />
    </div>
    <h3
      class="planet-card-heading"
    >
      Kessel
    </h3>
    <div
      class="planet-card-appearances"
    >
      <h4
        class="planet-card-appearances-heading"
      >
        Film
      </h4>
      <ul
        class="planet-card-appearances-list"
      >
        <li
          class="planet-card-appearances-list-item planet-card-appearances-list-item--original"
        >
          Solo: A Star Wars Story
        </li>
      </ul>
      <h4
        class="planet-card-appearances-heading"
      >
        TV
      </h4>
      <ul
        class="planet-card-appearances-list"
      >
        <li
          class="planet-card-appearances-list-item planet-card-appearances-list-item--original"
        >
          Star Wars Rebels
        </li>
      </ul>
    </div>
  </div>
  <div
    class="planet-card"
  >
    <div
      class="planet-card-era-visualizer"
    >
      <div
        class="planet-card-era-visualizer-segment planet-card-era-visualizer-segment--sequel"
      />
    </div>
    <h3
      class="planet-card-heading"
    >
      Kijimi
    </h3>
    <div
      class="planet-card-appearances"
    >
      <h4
        class="planet-card-appearances-heading"
      >
        Film
      </h4>
      <ul
        class="planet-card-appearances-list"
      >
        <li
          class="planet-card-appearances-list-item planet-card-appearances-list-item--sequel"
        >
          Episode IX - The Rise of Skywalker
        </li>
      </ul>
    </div>
  </div>
  <div
    class="planet-card"
  >
    <div
      class="planet-card-era-visualizer"
    >
      <div
        class="planet-card-era-visualizer-segment planet-card-era-visualizer-segment--original"
      />
    </div>
    <h3
      class="planet-card-heading"
    >
      Lira San
    </h3>
    <div
      class="planet-card-appearances"
    >
      <h4
        class="planet-card-appearances-heading"
      >
        TV
      </h4>
      <ul
        class="planet-card-appearances-list"
      >
        <li
          class="planet-card-appearances-list-item planet-card-appearances-list-item--original"
        >
          Star Wars Rebels
        </li>
      </ul>
    </div>
  </div>
  <div
    class="planet-card"
  >
    <div
      class="planet-card-era-visualizer"
    >
      <div
        class="planet-card-era-visualizer-segment planet-card-era-visualizer-segment--original"
      />
    </div>
    <h3
      class="planet-card-heading"
    >
      Lothal
    </h3>
    <div
      class="planet-card-appearances"
    >
      <h4
        class="planet-card-appearances-heading"
      >
        TV
      </h4>
      <ul
        class="planet-card-appearances-list"
      >
        <li
          class="planet-card-appearances-list-item planet-card-appearances-list-item--original"
        >
          Star Wars Rebels
        </li>
      </ul>
    </div>
  </div>
  <div
    class="planet-card"
  >
    <div
      class="planet-card-era-visualizer"
    >
      <div
        class="planet-card-era-visualizer-segment planet-card-era-visualizer-segment--prequel"
      />
    </div>
    <h3
      class="planet-card-heading"
    >
      Lotho Minor
    </h3>
    <div
      class="planet-card-appearances"
    >
      <h4
        class="planet-card-appearances-heading"
      >
        TV
      </h4>
      <ul
        class="planet-card-appearances-list"
      >
        <li
          class="planet-card-appearances-list-item planet-card-appearances-list-item--prequel"
        >
          Star Wars: The Clone Wars (2008)
        </li>
      </ul>
    </div>
  </div>
  <div
    class="planet-card"
  >
    <div
      class="planet-card-era-visualizer"
    >
      <div
        class="planet-card-era-visualizer-segment planet-card-era-visualizer-segment--original"
      />
    </div>
    <h3
      class="planet-card-heading"
    >
      Malachor
    </h3>
    <div
      class="planet-card-appearances"
    >
      <h4
        class="planet-card-appearances-heading"
      >
        TV
      </h4>
      <ul
        class="planet-card-appearances-list"
      >
        <li
          class="planet-card-appearances-list-item planet-card-appearances-list-item--original"
        >
          Star Wars Rebels
        </li>
      </ul>
    </div>
  </div>
  <div
    class="planet-card"
  >
    <div
      class="planet-card-era-visualizer"
    >
      <div
        class="planet-card-era-visualizer-segment planet-card-era-visualizer-segment--prequel"
      />
    </div>
    <h3
      class="planet-card-heading"
    >
      Malastare
    </h3>
    <div
      class="planet-card-appearances"
    >
      <h4
        class="planet-card-appearances-heading"
      >
        TV
      </h4>
      <ul
        class="planet-card-appearances-list"
      >
        <li
          class="planet-card-appearances-list-item planet-card-appearances-list-item--prequel"
        >
          Star Wars: The Clone Wars (2008)
        </li>
      </ul>
    </div>
  </div>
  <div
    class="planet-card"
  >
    <div
      class="planet-card-era-visualizer"
    >
      <div
        class="planet-card-era-visualizer-segment planet-card-era-visualizer-segment--prequel"
      />
    </div>
    <h3
      class="planet-card-heading"
    >
      Mandalore
    </h3>
    <div
      class="planet-card-appearances"
    >
      <h4
        class="planet-card-appearances-heading"
      >
        TV
      </h4>
      <ul
        class="planet-card-appearances-list"
      >
        <li
          class="planet-card-appearances-list-item planet-card-appearances-list-item--prequel"
        >
          Star Wars: The Clone Wars (2008)
        </li>
      </ul>
    </div>
  </div>
  <div
    class="planet-card"
  >
    <div
      class="planet-card-era-visualizer"
    >
      <div
        class="planet-card-era-visualizer-segment planet-card-era-visualizer-segment--prequel"
      />
    </div>
    <h3
      class="planet-card-heading"
    >
      Maridun
    </h3>
    <div
      class="planet-card-appearances"
    >
      <h4
        class="planet-card-appearances-heading"
      >
        TV
      </h4>
      <ul
        class="planet-card-appearances-list"
      >
        <li
          class="planet-card-appearances-list-item planet-card-appearances-list-item--prequel"
        >
          Star Wars: The Clone Wars (2008)
        </li>
      </ul>
    </div>
  </div>
  <div
    class="planet-card"
  >
    <div
      class="planet-card-era-visualizer"
    >
      <div
        class="planet-card-era-visualizer-segment planet-card-era-visualizer-segment--original"
      />
    </div>
    <h3
      class="planet-card-heading"
    >
      Mimban
    </h3>
    <div
      class="planet-card-appearances"
    >
      <h4
        class="planet-card-appearances-heading"
      >
        Film
      </h4>
      <ul
        class="planet-card-appearances-list"
      >
        <li
          class="planet-card-appearances-list-item planet-card-appearances-list-item--original"
        >
          Solo: A Star Wars Story
        </li>
      </ul>
    </div>
  </div>
  <div
    class="planet-card"
  >
    <div
      class="planet-card-era-visualizer"
    >
      <div
        class="planet-card-era-visualizer-segment planet-card-era-visualizer-segment--prequel"
      />
      <div
        class="planet-card-era-visualizer-segment planet-card-era-visualizer-segment--prequel"
      />
    </div>
    <h3
      class="planet-card-heading"
    >
      Mon Cala
    </h3>
    <div
      class="planet-card-appearances"
    >
      <h4
        class="planet-card-appearances-heading"
      >
        TV
      </h4>
      <ul
        class="planet-card-appearances-list"
      >
        <li
          class="planet-card-appearances-list-item planet-card-appearances-list-item--prequel"
        >
          Star Wars: Clone Wars (2003)
        </li>
        <li
          class="planet-card-appearances-list-item planet-card-appearances-list-item--prequel"
        >
          Star Wars: The Clone Wars (2008)
        </li>
      </ul>
    </div>
  </div>
  <div
    class="planet-card"
  >
    <div
      class="planet-card-era-visualizer"
    >
      <div
        class="planet-card-era-visualizer-segment planet-card-era-visualizer-segment--prequel"
      />
    </div>
    <h3
      class="planet-card-heading"
    >
      Moraband
    </h3>
    <div
      class="planet-card-appearances"
    >
      <h4
        class="planet-card-appearances-heading"
      >
        TV
      </h4>
      <ul
        class="planet-card-appearances-list"
      >
        <li
          class="planet-card-appearances-list-item planet-card-appearances-list-item--prequel"
        >
          Star Wars: The Clone Wars (2008)
        </li>
      </ul>
    </div>
  </div>
  <div
    class="planet-card"
  >
    <div
      class="planet-card-era-visualizer"
    >
      <div
        class="planet-card-era-visualizer-segment planet-card-era-visualizer-segment--prequel"
      />
    </div>
    <h3
      class="planet-card-heading"
    >
      Mortis
    </h3>
    <div
      class="planet-card-appearances"
    >
      <h4
        class="planet-card-appearances-heading"
      >
        TV
      </h4>
      <ul
        class="planet-card-appearances-list"
      >
        <li
          class="planet-card-appearances-list-item planet-card-appearances-list-item--prequel"
        >
          Star Wars: The Clone Wars (2008)
        </li>
      </ul>
    </div>
  </div>
  <div
    class="planet-card"
  >
    <div
      class="planet-card-era-visualizer"
    >
      <div
        class="planet-card-era-visualizer-segment planet-card-era-visualizer-segment--prequel"
      />
      <div
        class="planet-card-era-visualizer-segment planet-card-era-visualizer-segment--original"
      />
      <div
        class="planet-card-era-visualizer-segment planet-card-era-visualizer-segment--sequel"
      />
    </div>
    <h3
      class="planet-card-heading"
    >
      Mustafar
    </h3>
    <div
      class="planet-card-appearances"
    >
      <h4
        class="planet-card-appearances-heading"
      >
        Film
      </h4>
      <ul
        class="planet-card-appearances-list"
      >
        <li
          class="planet-card-appearances-list-item planet-card-appearances-list-item--prequel"
        >
          Episode III - Revenge of the Sith
        </li>
        <li
          class="planet-card-appearances-list-item planet-card-appearances-list-item--original"
        >
          Rogue One: A Star Wars Story
        </li>
        <li
          class="planet-card-appearances-list-item planet-card-appearances-list-item--sequel"
        >
          Episode IX - The Rise of Skywalker
        </li>
      </ul>
    </div>
  </div>
  <div
    class="planet-card"
  >
    <div
      class="planet-card-era-visualizer"
    >
      <div
        class="planet-card-era-visualizer-segment planet-card-era-visualizer-segment--prequel"
      />
    </div>
    <h3
      class="planet-card-heading"
    >
      Muunilinst
    </h3>
    <div
      class="planet-card-appearances"
    >
      <h4
        class="planet-card-appearances-heading"
      >
        TV
      </h4>
      <ul
        class="planet-card-appearances-list"
      >
        <li
          class="planet-card-appearances-list-item planet-card-appearances-list-item--prequel"
        >
          Star Wars: Clone Wars (2003)
        </li>
      </ul>
    </div>
  </div>
  <div
    class="planet-card"
  >
    <div
      class="planet-card-era-visualizer"
    >
      <div
        class="planet-card-era-visualizer-segment planet-card-era-visualizer-segment--prequel"
      />
    </div>
    <h3
      class="planet-card-heading"
    >
      Mygeeto
    </h3>
    <div
      class="planet-card-appearances"
    >
      <h4
        class="planet-card-appearances-heading"
      >
        Film
      </h4>
      <ul
        class="planet-card-appearances-list"
      >
        <li
          class="planet-card-appearances-list-item planet-card-appearances-list-item--prequel"
        >
          Episode III - Revenge of the Sith
        </li>
      </ul>
    </div>
  </div>
  <div
    class="planet-card"
  >
    <div
      class="planet-card-era-visualizer"
    >
      <div
        class="planet-card-era-visualizer-segment planet-card-era-visualizer-segment--prequel"
      />
      <div
        class="planet-card-era-visualizer-segment planet-card-era-visualizer-segment--prequel"
      />
      <div
        class="planet-card-era-visualizer-segment planet-card-era-visualizer-segment--prequel"
      />
      <div
        class="planet-card-era-visualizer-segment planet-card-era-visualizer-segment--prequel"
      />
      <div
        class="planet-card-era-visualizer-segment planet-card-era-visualizer-segment--prequel"
      />
    </div>
    <h3
      class="planet-card-heading"
    >
      Naboo
    </h3>
    <div
      class="planet-card-appearances"
    >
      <h4
        class="planet-card-appearances-heading"
      >
        Film
      </h4>
      <ul
        class="planet-card-appearances-list"
      >
        <li
          class="planet-card-appearances-list-item planet-card-appearances-list-item--prequel"
        >
          Episode I - The Phantom Menace
        </li>
        <li
          class="planet-card-appearances-list-item planet-card-appearances-list-item--prequel"
        >
          Episode II - Attack of the Clones
        </li>
        <li
          class="planet-card-appearances-list-item planet-card-appearances-list-item--prequel"
        >
          Episode III - Revenge of the Sith
        </li>
      </ul>
      <h4
        class="planet-card-appearances-heading"
      >
        TV
      </h4>
      <ul
        class="planet-card-appearances-list"
      >
        <li
          class="planet-card-appearances-list-item planet-card-appearances-list-item--prequel"
        >
          Star Wars: Clone Wars (2003)
        </li>
        <li
          class="planet-card-appearances-list-item planet-card-appearances-list-item--prequel"
        >
          Star Wars: The Clone Wars (2008)
        </li>
      </ul>
    </div>
  </div>
  <div
    class="planet-card"
  >
    <div
      class="planet-card-era-visualizer"
    >
      <div
        class="planet-card-era-visualizer-segment planet-card-era-visualizer-segment--prequel"
      />
    </div>
    <h3
      class="planet-card-heading"
    >
      Nal Hutta
    </h3>
    <div
      class="planet-card-appearances"
    >
      <h4
        class="planet-card-appearances-heading"
      >
        TV
      </h4>
      <ul
        class="planet-card-appearances-list"
      >
        <li
          class="planet-card-appearances-list-item planet-card-appearances-list-item--prequel"
        >
          Star Wars: The Clone Wars (2008)
        </li>
      </ul>
    </div>
  </div>
  <div
    class="planet-card"
  >
    <div
      class="planet-card-era-visualizer"
    >
      <div
        class="planet-card-era-visualizer-segment planet-card-era-visualizer-segment--prequel"
      />
    </div>
    <h3
      class="planet-card-heading"
    >
      Nelvaan
    </h3>
    <div
      class="planet-card-appearances"
    >
      <h4
        class="planet-card-appearances-heading"
      >
        TV
      </h4>
      <ul
        class="planet-card-appearances-list"
      >
        <li
          class="planet-card-appearances-list-item planet-card-appearances-list-item--prequel"
        >
          Star Wars: Clone Wars (2003)
        </li>
      </ul>
    </div>
  </div>
  <div
    class="planet-card"
  >
    <div
      class="planet-card-era-visualizer"
    >
      <div
        class="planet-card-era-visualizer-segment planet-card-era-visualizer-segment--sequel"
      />
    </div>
    <h3
      class="planet-card-heading"
    >
      Nevarro
    </h3>
    <div
      class="planet-card-appearances"
    >
      <h4
        class="planet-card-appearances-heading"
      >
        TV
      </h4>
      <ul
        class="planet-card-appearances-list"
      >
        <li
          class="planet-card-appearances-list-item planet-card-appearances-list-item--sequel"
        >
          The Mandalorian
        </li>
      </ul>
    </div>
  </div>
  <div
    class="planet-card"
  >
    <div
      class="planet-card-era-visualizer"
    >
      <div
        class="planet-card-era-visualizer-segment planet-card-era-visualizer-segment--prequel"
      />
    </div>
    <h3
      class="planet-card-heading"
    >
      Onderon
    </h3>
    <div
      class="planet-card-appearances"
    >
      <h4
        class="planet-card-appearances-heading"
      >
        TV
      </h4>
      <ul
        class="planet-card-appearances-list"
      >
        <li
          class="planet-card-appearances-list-item planet-card-appearances-list-item--prequel"
        >
          Star Wars: The Clone Wars (2008)
        </li>
      </ul>
    </div>
  </div>
  <div
    class="planet-card"
  >
    <div
      class="planet-card-era-visualizer"
    >
      <div
        class="planet-card-era-visualizer-segment planet-card-era-visualizer-segment--sequel"
      />
    </div>
    <h3
      class="planet-card-heading"
    >
      Pasaana
    </h3>
    <div
      class="planet-card-appearances"
    >
      <h4
        class="planet-card-appearances-heading"
      >
        Film
      </h4>
      <ul
        class="planet-card-appearances-list"
      >
        <li
          class="planet-card-appearances-list-item planet-card-appearances-list-item--sequel"
        >
          Episode IX - The Rise of Skywalker
        </li>
      </ul>
    </div>
  </div>
  <div
    class="planet-card"
  >
    <div
      class="planet-card-era-visualizer"
    >
      <div
        class="planet-card-era-visualizer-segment planet-card-era-visualizer-segment--prequel"
      />
    </div>
    <h3
      class="planet-card-heading"
    >
      Polis Massa
    </h3>
    <div
      class="planet-card-appearances"
    >
      <h4
        class="planet-card-appearances-heading"
      >
        Film
      </h4>
      <ul
        class="planet-card-appearances-list"
      >
        <li
          class="planet-card-appearances-list-item planet-card-appearances-list-item--prequel"
        >
          Episode III - Revenge of the Sith
        </li>
      </ul>
    </div>
  </div>
  <div
    class="planet-card"
  >
    <div
      class="planet-card-era-visualizer"
    >
      <div
        class="planet-card-era-visualizer-segment planet-card-era-visualizer-segment--prequel"
      />
    </div>
    <h3
      class="planet-card-heading"
    >
      Rattatak
    </h3>
    <div
      class="planet-card-appearances"
    >
      <h4
        class="planet-card-appearances-heading"
      >
        TV
      </h4>
      <ul
        class="planet-card-appearances-list"
      >
        <li
          class="planet-card-appearances-list-item planet-card-appearances-list-item--prequel"
        >
          Star Wars: Clone Wars (2003)
        </li>
      </ul>
    </div>
  </div>
  <div
    class="planet-card"
  >
    <div
      class="planet-card-era-visualizer"
    >
      <div
        class="planet-card-era-visualizer-segment planet-card-era-visualizer-segment--prequel"
      />
    </div>
    <h3
      class="planet-card-heading"
    >
      Rishi
    </h3>
    <div
      class="planet-card-appearances"
    >
      <h4
        class="planet-card-appearances-heading"
      >
        TV
      </h4>
      <ul
        class="planet-card-appearances-list"
      >
        <li
          class="planet-card-appearances-list-item planet-card-appearances-list-item--prequel"
        >
          Star Wars: The Clone Wars (2008)
        </li>
      </ul>
    </div>
  </div>
  <div
    class="planet-card"
  >
    <div
      class="planet-card-era-visualizer"
    >
      <div
        class="planet-card-era-visualizer-segment planet-card-era-visualizer-segment--prequel"
      />
    </div>
    <h3
      class="planet-card-heading"
    >
      Rodia
    </h3>
    <div
      class="planet-card-appearances"
    >
      <h4
        class="planet-card-appearances-heading"
      >
        TV
      </h4>
      <ul
        class="planet-card-appearances-list"
      >
        <li
          class="planet-card-appearances-list-item planet-card-appearances-list-item--prequel"
        >
          Star Wars: The Clone Wars (2008)
        </li>
      </ul>
    </div>
  </div>
  <div
    class="planet-card"
  >
    <div
      class="planet-card-era-visualizer"
    >
      <div
        class="planet-card-era-visualizer-segment planet-card-era-visualizer-segment--prequel"
      />
    </div>
    <h3
      class="planet-card-heading"
    >
      Ruusan
    </h3>
    <div
      class="planet-card-appearances"
    >
      <h4
        class="planet-card-appearances-heading"
      >
        TV
      </h4>
      <ul
        class="planet-card-appearances-list"
      >
        <li
          class="planet-card-appearances-list-item planet-card-appearances-list-item--prequel"
        >
          Star Wars: The Clone Wars (2008)
        </li>
      </ul>
    </div>
  </div>
  <div
    class="planet-card"
  >
    <div
      class="planet-card-era-visualizer"
    >
      <div
        class="planet-card-era-visualizer-segment planet-card-era-visualizer-segment--prequel"
      />
    </div>
    <h3
      class="planet-card-heading"
    >
      Ryloth
    </h3>
    <div
      class="planet-card-appearances"
    >
      <h4
        class="planet-card-appearances-heading"
      >
        TV
      </h4>
      <ul
        class="planet-card-appearances-list"
      >
        <li
          class="planet-card-appearances-list-item planet-card-appearances-list-item--prequel"
        >
          Star Wars: The Clone Wars (2008)
        </li>
      </ul>
    </div>
  </div>
  <div
    class="planet-card"
  >
    <div
      class="planet-card-era-visualizer"
    >
      <div
        class="planet-card-era-visualizer-segment planet-card-era-visualizer-segment--prequel"
      />
    </div>
    <h3
      class="planet-card-heading"
    >
      Saleucami
    </h3>
    <div
      class="planet-card-appearances"
    >
      <h4
        class="planet-card-appearances-heading"
      >
        TV
      </h4>
      <ul
        class="planet-card-appearances-list"
      >
        <li
          class="planet-card-appearances-list-item planet-card-appearances-list-item--prequel"
        >
          Star Wars: The Clone Wars (2008)
        </li>
      </ul>
    </div>
  </div>
  <div
    class="planet-card"
  >
    <div
      class="planet-card-era-visualizer"
    >
      <div
        class="planet-card-era-visualizer-segment planet-card-era-visualizer-segment--original"
      />
    </div>
    <h3
      class="planet-card-heading"
    >
      Savareen
    </h3>
    <div
      class="planet-card-appearances"
    >
      <h4
        class="planet-card-appearances-heading"
      >
        Film
      </h4>
      <ul
        class="planet-card-appearances-list"
      >
        <li
          class="planet-card-appearances-list-item planet-card-appearances-list-item--original"
        >
          Solo: A Star Wars Story
        </li>
      </ul>
    </div>
  </div>
  <div
    class="planet-card"
  >
    <div
      class="planet-card-era-visualizer"
    >
      <div
        class="planet-card-era-visualizer-segment planet-card-era-visualizer-segment--original"
      />
    </div>
    <h3
      class="planet-card-heading"
    >
      Scarif
    </h3>
    <div
      class="planet-card-appearances"
    >
      <h4
        class="planet-card-appearances-heading"
      >
        Film
      </h4>
      <ul
        class="planet-card-appearances-list"
      >
        <li
          class="planet-card-appearances-list-item planet-card-appearances-list-item--original"
        >
          Rogue One: A Star Wars Story
        </li>
      </ul>
    </div>
  </div>
  <div
    class="planet-card"
  >
    <div
      class="planet-card-era-visualizer"
    >
      <div
        class="planet-card-era-visualizer-segment planet-card-era-visualizer-segment--prequel"
      />
    </div>
    <h3
      class="planet-card-heading"
    >
      Serenno
    </h3>
    <div
      class="planet-card-appearances"
    >
      <h4
        class="planet-card-appearances-heading"
      >
        TV
      </h4>
      <ul
        class="planet-card-appearances-list"
      >
        <li
          class="planet-card-appearances-list-item planet-card-appearances-list-item--prequel"
        >
          Star Wars: The Clone Wars (2008)
        </li>
      </ul>
    </div>
  </div>
  <div
    class="planet-card"
  >
    <div
      class="planet-card-era-visualizer"
    >
      <div
        class="planet-card-era-visualizer-segment planet-card-era-visualizer-segment--prequel"
      />
    </div>
    <h3
      class="planet-card-heading"
    >
      Shili
    </h3>
    <div
      class="planet-card-appearances"
    >
      <h4
        class="planet-card-appearances-heading"
      >
        TV
      </h4>
      <ul
        class="planet-card-appearances-list"
      >
        <li
          class="planet-card-appearances-list-item planet-card-appearances-list-item--prequel"
        >
          Star Wars: The Clone Wars (2008)
        </li>
      </ul>
    </div>
  </div>
  <div
    class="planet-card"
  >
    <div
      class="planet-card-era-visualizer"
    >
      <div
        class="planet-card-era-visualizer-segment planet-card-era-visualizer-segment--sequel"
      />
    </div>
    <h3
      class="planet-card-heading"
    >
      Starkiller Base
    </h3>
    <div
      class="planet-card-appearances"
    >
      <h4
        class="planet-card-appearances-heading"
      >
        Film
      </h4>
      <ul
        class="planet-card-appearances-list"
      >
        <li
          class="planet-card-appearances-list-item planet-card-appearances-list-item--sequel"
        >
          Episode VII - The Force Awakens
        </li>
      </ul>
    </div>
  </div>
  <div
    class="planet-card"
  >
    <div
      class="planet-card-era-visualizer"
    >
      <div
        class="planet-card-era-visualizer-segment planet-card-era-visualizer-segment--sequel"
      />
    </div>
    <h3
      class="planet-card-heading"
    >
      Takodana
    </h3>
    <div
      class="planet-card-appearances"
    >
      <h4
        class="planet-card-appearances-heading"
      >
        Film
      </h4>
      <ul
        class="planet-card-appearances-list"
      >
        <li
          class="planet-card-appearances-list-item planet-card-appearances-list-item--sequel"
        >
          Episode VII - The Force Awakens
        </li>
      </ul>
    </div>
  </div>
  <div
    class="planet-card"
  >
    <div
      class="planet-card-era-visualizer"
    >
      <div
        class="planet-card-era-visualizer-segment planet-card-era-visualizer-segment--prequel"
      />
      <div
        class="planet-card-era-visualizer-segment planet-card-era-visualizer-segment--prequel"
      />
      <div
        class="planet-card-era-visualizer-segment planet-card-era-visualizer-segment--prequel"
      />
      <div
        class="planet-card-era-visualizer-segment planet-card-era-visualizer-segment--prequel"
      />
      <div
        class="planet-card-era-visualizer-segment planet-card-era-visualizer-segment--original"
      />
      <div
        class="planet-card-era-visualizer-segment planet-card-era-visualizer-segment--original"
      />
      <div
        class="planet-card-era-visualizer-segment planet-card-era-visualizer-segment--original"
      />
      <div
        class="planet-card-era-visualizer-segment planet-card-era-visualizer-segment--sequel"
      />
      <div
        class="planet-card-era-visualizer-segment planet-card-era-visualizer-segment--sequel"
      />
    </div>
    <h3
      class="planet-card-heading"
    >
      Tatooine
    </h3>
    <div
      class="planet-card-appearances"
    >
      <h4
        class="planet-card-appearances-heading"
      >
        Film
      </h4>
      <ul
        class="planet-card-appearances-list"
      >
        <li
          class="planet-card-appearances-list-item planet-card-appearances-list-item--prequel"
        >
          Episode I - The Phantom Menace
        </li>
        <li
          class="planet-card-appearances-list-item planet-card-appearances-list-item--prequel"
        >
          Episode II - Attack of the Clones
        </li>
        <li
          class="planet-card-appearances-list-item planet-card-appearances-list-item--prequel"
        >
          Episode III - Revenge of the Sith
        </li>
        <li
          class="planet-card-appearances-list-item planet-card-appearances-list-item--prequel"
        >
          Star Wars: The Clone Wars
        </li>
        <li
          class="planet-card-appearances-list-item planet-card-appearances-list-item--original"
        >
          Episode IV - A New Hope
        </li>
        <li
          class="planet-card-appearances-list-item planet-card-appearances-list-item--original"
        >
          Episode VI - Return of the Jedi
        </li>
        <li
          class="planet-card-appearances-list-item planet-card-appearances-list-item--sequel"
        >
          Episode IX - The Rise of Skywalker
        </li>
      </ul>
      <h4
        class="planet-card-appearances-heading"
      >
        TV
      </h4>
      <ul
        class="planet-card-appearances-list"
      >
        <li
          class="planet-card-appearances-list-item planet-card-appearances-list-item--original"
        >
          Star Wars Rebels
        </li>
        <li
          class="planet-card-appearances-list-item planet-card-appearances-list-item--sequel"
        >
          The Mandalorian
        </li>
      </ul>
    </div>
  </div>
  <div
    class="planet-card"
  >
    <div
      class="planet-card-era-visualizer"
    >
      <div
        class="planet-card-era-visualizer-segment planet-card-era-visualizer-segment--prequel"
      />
    </div>
    <h3
      class="planet-card-heading"
    >
      Toydaria
    </h3>
    <div
      class="planet-card-appearances"
    >
      <h4
        class="planet-card-appearances-heading"
      >
        TV
      </h4>
      <ul
        class="planet-card-appearances-list"
      >
        <li
          class="planet-card-appearances-list-item planet-card-appearances-list-item--prequel"
        >
          Star Wars: The Clone Wars (2008)
        </li>
      </ul>
    </div>
  </div>
  <div
    class="planet-card"
  >
    <div
      class="planet-card-era-visualizer"
    >
      <div
        class="planet-card-era-visualizer-segment planet-card-era-visualizer-segment--prequel"
      />
    </div>
    <h3
      class="planet-card-heading"
    >
      Trandosha
    </h3>
    <div
      class="planet-card-appearances"
    >
      <h4
        class="planet-card-appearances-heading"
      >
        TV
      </h4>
      <ul
        class="planet-card-appearances-list"
      >
        <li
          class="planet-card-appearances-list-item planet-card-appearances-list-item--prequel"
        >
          Star Wars: The Clone Wars (2008)
        </li>
      </ul>
    </div>
  </div>
  <div
    class="planet-card"
  >
    <div
      class="planet-card-era-visualizer"
    >
      <div
        class="planet-card-era-visualizer-segment planet-card-era-visualizer-segment--prequel"
      />
    </div>
    <h3
      class="planet-card-heading"
    >
      Umbara
    </h3>
    <div
      class="planet-card-appearances"
    >
      <h4
        class="planet-card-appearances-heading"
      >
        TV
      </h4>
      <ul
        class="planet-card-appearances-list"
      >
        <li
          class="planet-card-appearances-list-item planet-card-appearances-list-item--prequel"
        >
          Star Wars: The Clone Wars (2008)
        </li>
      </ul>
    </div>
  </div>
  <div
    class="planet-card"
  >
    <div
      class="planet-card-era-visualizer"
    >
      <div
        class="planet-card-era-visualizer-segment planet-card-era-visualizer-segment--prequel"
      />
    </div>
    <h3
      class="planet-card-heading"
    >
      Utapau
    </h3>
    <div
      class="planet-card-appearances"
    >
      <h4
        class="planet-card-appearances-heading"
      >
        Film
      </h4>
      <ul
        class="planet-card-appearances-list"
      >
        <li
          class="planet-card-appearances-list-item planet-card-appearances-list-item--prequel"
        >
          Episode III - Revenge of the Sith
        </li>
      </ul>
    </div>
  </div>
  <div
    class="planet-card"
  >
    <div
      class="planet-card-era-visualizer"
    >
      <div
        class="planet-card-era-visualizer-segment planet-card-era-visualizer-segment--original"
      />
    </div>
    <h3
      class="planet-card-heading"
    >
      Vandor-1
    </h3>
    <div
      class="planet-card-appearances"
    >
      <h4
        class="planet-card-appearances-heading"
      >
        Film
      </h4>
      <ul
        class="planet-card-appearances-list"
      >
        <li
          class="planet-card-appearances-list-item planet-card-appearances-list-item--original"
        >
          Solo: A Star Wars Story
        </li>
      </ul>
    </div>
  </div>
  <div
    class="planet-card"
  >
    <div
      class="planet-card-era-visualizer"
    >
      <div
        class="planet-card-era-visualizer-segment planet-card-era-visualizer-segment--original"
      />
    </div>
    <h3
      class="planet-card-heading"
    >
      Wobani
    </h3>
    <div
      class="planet-card-appearances"
    >
      <h4
        class="planet-card-appearances-heading"
      >
        Film
      </h4>
      <ul
        class="planet-card-appearances-list"
      >
        <li
          class="planet-card-appearances-list-item planet-card-appearances-list-item--original"
        >
          Rogue One: A Star Wars Story
        </li>
      </ul>
    </div>
  </div>
  <div
    class="planet-card"
  >
    <div
      class="planet-card-era-visualizer"
    >
      <div
        class="planet-card-era-visualizer-segment planet-card-era-visualizer-segment--original"
      />
    </div>
    <h3
      class="planet-card-heading"
    >
      Yavin
    </h3>
    <div
      class="planet-card-appearances"
    >
      <h4
        class="planet-card-appearances-heading"
      >
        Film
      </h4>
      <ul
        class="planet-card-appearances-list"
      >
        <li
          class="planet-card-appearances-list-item planet-card-appearances-list-item--original"
        >
          Episode IV - A New Hope
        </li>
      </ul>
    </div>
  </div>
  <div
    class="planet-card"
  >
    <div
      class="planet-card-era-visualizer"
    >
      <div
        class="planet-card-era-visualizer-segment planet-card-era-visualizer-segment--prequel"
      />
      <div
        class="planet-card-era-visualizer-segment planet-card-era-visualizer-segment--original"
      />
    </div>
    <h3
      class="planet-card-heading"
    >
      Yavin 4
    </h3>
    <div
      class="planet-card-appearances"
    >
      <h4
        class="planet-card-appearances-heading"
      >
        Film
      </h4>
      <ul
        class="planet-card-appearances-list"
      >
        <li
          class="planet-card-appearances-list-item planet-card-appearances-list-item--original"
        >
          Episode IV - A New Hope
        </li>
      </ul>
      <h4
        class="planet-card-appearances-heading"
      >
        TV
      </h4>
      <ul
        class="planet-card-appearances-list"
      >
        <li
          class="planet-card-appearances-list-item planet-card-appearances-list-item--prequel"
        >
          Star Wars: Clone Wars (2003)
        </li>
      </ul>
    </div>
  </div>
  <div
    class="planet-card"
  >
    <div
      class="planet-card-era-visualizer"
    >
      <div
        class="planet-card-era-visualizer-segment planet-card-era-visualizer-segment--prequel"
      />
    </div>
    <h3
      class="planet-card-heading"
    >
      Zygerria
    </h3>
    <div
      class="planet-card-appearances"
    >
      <h4
        class="planet-card-appearances-heading"
      >
        TV
      </h4>
      <ul
        class="planet-card-appearances-list"
      >
        <li
          class="planet-card-appearances-list-item planet-card-appearances-list-item--prequel"
        >
          Star Wars: The Clone Wars (2008)
        </li>
      </ul>
    </div>
  </div>
</div>
`;
