// Jest Snapshot v1, https://goo.gl/fbAQLP

exports[`App Component renders correctly 1`] = `
<header
  className="header"
>
  <img
    alt="Star Wars"
    className="app-logo"
    src="star-wars-logo-yellow.png"
  />
  <span
    className="image-attribution"
  >
    Illustration by
     
    <a
      href="https://www.artstation.com/pabloolivera"
      rel="noreferrer noopener"
      target="_blank"
    >
      Pablo Olivera
    </a>
  </span>
</header>
`;
